// Jest Snapshot v1, https://goo.gl/fbAQLP

exports[`SEO snapshot renders properly 1`] = `null`;
