// Jest Snapshot v1, https://goo.gl/fbAQLP

exports[`ThemeSwitcher snapshot renders properly 1`] = `
<div
  id="theme-switcher"
  style={
    Object {
      "background": "#fff",
      "borderRadius": "0.5rem",
      "boxShadow": "3px 3px 5px rgba(0,0,0,0.25)",
      "left": "20px",
      "position": "fixed",
      "top": "80px",
      "zIndex": "50",
    }
  }
>
  <button
    onClick={[Function]}
    style={
      Object {
        "boxShadow": "none",
        "display": "block",
        "height": "30px",
        "lineHeight": "30px",
        "margin": "0",
        "outline": "none",
        "padding": "0 5px",
        "position": "absolute",
        "right": "-10px",
        "top": "-10px",
        "width": "30px",
      }
    }
  >
    Ã—
  </button>
  <div
    style={
      Object {
        "height": "auto",
        "maxHeight": "300px",
        "maxWidth": "220px",
        "overflow": "hidden",
        "padding": "10px",
        "transition": "all 0.15s ease",
        "width": "auto",
      }
    }
  >
    <strong>
      Preview Theme Options
    </strong>
    <div
      style={
        Object {
          "marginBottom": "0.75em",
        }
      }
    >
      NOTE: This does not save changes, it only previews
    </div>
    <label
      htmlFor="theme-preview-colors"
    >
      Color Scheme
    </label>
    <select
      id="theme-preview-colors"
      onChange={[Function]}
      value="green"
    >
      <option
        value="green"
      >
        green
      </option>
      <option
        value="red"
      >
        red
      </option>
    </select>
    <label
      htmlFor="theme-preview-fonts"
    >
      Font Scheme
    </label>
    <select
      id="theme-preview-fonts"
      onChange={[Function]}
      value="roboto"
    >
      <option
        value="roboto"
      >
        roboto
      </option>
      <option
        value="arial"
      >
        arial
      </option>
    </select>
  </div>
</div>
`;
